
> trustlens-ai@0.1.0 build
> next build

   Γû▓ Next.js 15.5.6

   Creating an optimized production build ...
 Γ£ô Compiled successfully in 1855ms
   Linting and checking validity of types ...
node.exe : 
At line:1 char:1
+ & "C:\Program Files (x86)\nodejs/node.exe" "C:\Program 
Files (x86)\no ...
+ ~~~~~~~~~~~~~~~~~~~~~~~~~~~~~~~~~~~~~~~~~~~~~~~~~~~~~~~~~~~
~~~~~~~~~~
    + CategoryInfo          : NotSpecified: (:String) [], Re 
   moteException
    + FullyQualifiedErrorId : NativeCommandError
 
Failed to compile.

./app/application/[id]/page.tsx
28:10  Warning: 'currentPosition' is assigned a value but 
never used.  @typescript-eslint/no-unused-vars
29:10  Warning: 'totalApplications' is assigned a value but 
never used.  @typescript-eslint/no-unused-vars
30:9  Warning: 'documentViewerRef' is assigned a value but 
never used.  @typescript-eslint/no-unused-vars
32:10  Warning: 'showPdf' is assigned a value but never 
used.  @typescript-eslint/no-unused-vars
32:19  Warning: 'setShowPdf' is assigned a value but never 
used.  @typescript-eslint/no-unused-vars
33:22  Warning: 'setSearchTerm' is assigned a value but 
never used.  @typescript-eslint/no-unused-vars
38:10  Warning: 'isDragging' is assigned a value but never 
used.  @typescript-eslint/no-unused-vars
324:9  Warning: 'currentFileUrl' is assigned a value but 
never used.  @typescript-eslint/no-unused-vars
339:9  Warning: 'highlightedDocument' is assigned a value 
but never used.  @typescript-eslint/no-unused-vars

./app/applications/page.tsx
34:114  Warning: 'AlertTriangle' is defined but never used.  
@typescript-eslint/no-unused-vars
34:142  Warning: 'Clock' is defined but never used.  
@typescript-eslint/no-unused-vars
232:15  Warning: 'forensicEvidence' is assigned a value but 
never used.  @typescript-eslint/no-unused-vars
305:26  Error: Unexpected any. Specify a different type.  
@typescript-eslint/no-explicit-any
333:26  Error: Unexpected any. Specify a different type.  
@typescript-eslint/no-explicit-any
444:38  Error: Unexpected any. Specify a different type.  
@typescript-eslint/no-explicit-any
445:46  Error: Unexpected any. Specify a different type.  
@typescript-eslint/no-explicit-any
446:51  Error: Unexpected any. Specify a different type.  
@typescript-eslint/no-explicit-any

./app/auth/login/page.tsx
28:14  Warning: 'err' is defined but never used.  
@typescript-eslint/no-unused-vars
88:14  Error: `'` can be escaped with `&apos;`, `&lsquo;`, 
`&#39;`, `&rsquo;`.  react/no-unescaped-entities

./app/auth/signup/page.tsx
48:14  Warning: 'err' is defined but never used.  
@typescript-eslint/no-unused-vars

./components/new-application-modal.tsx
208:66  Error: `'` can be escaped with `&apos;`, `&lsquo;`, 
`&#39;`, `&rsquo;`.  react/no-unescaped-entities

info  - Need to disable some ESLint rules? Learn more here: h
ttps://nextjs.org/docs/app/api-reference/config/eslint#disabl
ing-rules
